2026-05-05 07:47:45,202 - INFO - SQLite DB initialised at data/crautos.db
2026-05-05 07:47:45,488 - INFO - Typesense client initialized (host: typesense, port: 8108)
2026-05-05 07:47:45,500 - INFO - Started scrape run #28
2026-05-05 07:47:45,502 - INFO - Starting evmarket.cr scraper...
2026-05-05 07:48:00,955 - INFO - Step 1: Collecting listing URLs from https://evmarket.cr/listings
2026-05-05 07:48:02,615 - INFO - Fetching listings from page 1: https://evmarket.cr/listings
2026-05-05 07:48:06,034 - INFO - upsert_urls: 20 URLs processed (source: EVMarket)
2026-05-05 07:48:06,034 - INFO - Page 1: Found 20 unique URLs so far.
2026-05-05 07:48:06,035 - INFO - Fetching listings from page 2: https://evmarket.cr/listings?page=2
2026-05-05 07:48:07,052 - INFO - upsert_urls: 20 URLs processed (source: EVMarket)
2026-05-05 07:48:07,053 - INFO - Page 2: Found 40 unique URLs so far.
2026-05-05 07:48:07,053 - INFO - Fetching listings from page 3: https://evmarket.cr/listings?page=3
2026-05-05 07:48:07,867 - INFO - upsert_urls: 20 URLs processed (source: EVMarket)
2026-05-05 07:48:07,867 - INFO - Page 3: Found 57 unique URLs so far.
2026-05-05 07:48:07,867 - INFO - Fetching listings from page 4: https://evmarket.cr/listings?page=4
2026-05-05 07:48:08,635 - INFO - upsert_urls: 20 URLs processed (source: EVMarket)
2026-05-05 07:48:08,635 - INFO - Page 4: Found 72 unique URLs so far.
2026-05-05 07:48:08,636 - INFO - Fetching listings from page 5: https://evmarket.cr/listings?page=5
2026-05-05 07:48:09,318 - INFO - upsert_urls: 20 URLs processed (source: EVMarket)
2026-05-05 07:48:09,318 - INFO - Page 5: Found 87 unique URLs so far.
2026-05-05 07:48:09,318 - INFO - Fetching listings from page 6: https://evmarket.cr/listings?page=6
2026-05-05 07:48:10,131 - INFO - upsert_urls: 20 URLs processed (source: EVMarket)
2026-05-05 07:48:10,131 - INFO - Page 6: Found 99 unique URLs so far.
2026-05-05 07:48:10,131 - INFO - Fetching listings from page 7: https://evmarket.cr/listings?page=7
2026-05-05 07:48:10,805 - INFO - upsert_urls: 20 URLs processed (source: EVMarket)
2026-05-05 07:48:10,805 - INFO - Page 7: Found 105 unique URLs so far.
2026-05-05 07:48:10,805 - INFO - Fetching listings from page 8: https://evmarket.cr/listings?page=8
2026-05-05 07:48:11,451 - INFO - upsert_urls: 20 URLs processed (source: EVMarket)
2026-05-05 07:48:11,451 - INFO - Page 8: Found 112 unique URLs so far.
2026-05-05 07:48:11,451 - INFO - Fetching listings from page 9: https://evmarket.cr/listings?page=9
2026-05-05 07:48:12,080 - INFO - upsert_urls: 20 URLs processed (source: EVMarket)
2026-05-05 07:48:12,080 - INFO - Page 9: Found 120 unique URLs so far.
2026-05-05 07:48:12,080 - INFO - Fetching listings from page 10: https://evmarket.cr/listings?page=10
2026-05-05 07:48:12,823 - INFO - upsert_urls: 20 URLs processed (source: EVMarket)
2026-05-05 07:48:12,823 - INFO - Page 10: Found 129 unique URLs so far.
2026-05-05 07:48:12,823 - INFO - Fetching listings from page 11: https://evmarket.cr/listings?page=11
2026-05-05 07:48:13,448 - INFO - upsert_urls: 17 URLs processed (source: EVMarket)
2026-05-05 07:48:13,448 - INFO - Page 11: Found 135 unique URLs so far.
2026-05-05 07:48:13,449 - INFO - Fetching listings from page 12: https://evmarket.cr/listings?page=12
2026-05-05 07:48:23,781 - INFO - No category grid box found on page 12. Stopping.
2026-05-05 07:48:23,797 - INFO - Step 2: Extracting details for 135 URLs
2026-05-05 07:48:23,798 - INFO - Scraping detail: https://evmarket.cr/listing-details.php?id=152
2026-05-05 07:48:25,332 - WARNING - Failed to sync car ev-listing-details.php?id=152 to Typesense: [Errno -2] Name or service not known
2026-05-05 07:48:25,332 - INFO - Saved car ev-listing-details.php?id=152 to DB
2026-05-05 07:48:25,341 - INFO - Scraping detail: https://evmarket.cr/listing-details.php?id=307
2026-05-05 07:48:26,654 - WARNING - Failed to sync car ev-listing-details.php?id=307 to Typesense: [Errno -2] Name or service not known
2026-05-05 07:48:26,654 - INFO - Saved car ev-listing-details.php?id=307 to DB
2026-05-05 07:48:26,663 - INFO - Scraping detail: https://evmarket.cr/listing-details.php?id=219
2026-05-05 07:48:28,222 - WARNING - Failed to sync car ev-listing-details.php?id=219 to Typesense: [Errno -2] Name or service not known
2026-05-05 07:48:28,222 - INFO - Saved car ev-listing-details.php?id=219 to DB
2026-05-05 07:48:28,229 - INFO - Scraping detail: https://evmarket.cr/listing-details.php?id=136
2026-05-05 07:48:29,724 - WARNING - Failed to sync car ev-listing-details.php?id=136 to Typesense: [Errno -2] Name or service not known
2026-05-05 07:48:29,724 - INFO - Saved car ev-listing-details.php?id=136 to DB
2026-05-05 07:48:29,741 - INFO - Scraping detail: https://evmarket.cr/listing-details.php?id=130
2026-05-05 07:48:31,070 - WARNING - Failed to sync car ev-listing-details.php?id=130 to Typesense: [Errno -2] Name or service not known
2026-05-05 07:48:31,071 - INFO - Saved car ev-listing-details.php?id=130 to DB
2026-05-05 07:48:31,077 - INFO - Scraping detail: https://evmarket.cr/listing-details.php?id=480
2026-05-05 07:48:32,470 - WARNING - Failed to sync car ev-listing-details.php?id=480 to Typesense: [Errno -2] Name or service not known
2026-05-05 07:48:32,471 - INFO - Saved car ev-listing-details.php?id=480 to DB
2026-05-05 07:48:32,478 - INFO - Scraping detail: https://evmarket.cr/listing-details.php?id=362
2026-05-05 07:48:33,881 - WARNING - Failed to sync car ev-listing-details.php?id=362 to Typesense: [Errno -2] Name or service not known
2026-05-05 07:48:33,881 - INFO - Saved car ev-listing-details.php?id=362 to DB
2026-05-05 07:48:33,890 - INFO - Scraping detail: https://evmarket.cr/listing-details.php?id=343
2026-05-05 07:48:35,890 - WARNING - Failed to sync car ev-listing-details.php?id=343 to Typesense: [Errno -2] Name or service not known
2026-05-05 07:48:35,890 - INFO - Saved car ev-listing-details.php?id=343 to DB
2026-05-05 07:48:35,907 - INFO - Scraping detail: https://evmarket.cr/listing-details.php?id=242
2026-05-05 07:48:37,816 - WARNING - Failed to sync car ev-listing-details.php?id=242 to Typesense: [Errno -2] Name or service not known
2026-05-05 07:48:37,816 - INFO - Saved car ev-listing-details.php?id=242 to DB
2026-05-05 07:48:37,824 - INFO - Scraping detail: https://evmarket.cr/listing-details.php?id=373
2026-05-05 07:48:39,315 - WARNING - Failed to sync car ev-listing-details.php?id=373 to Typesense: [Errno -2] Name or service not known
2026-05-05 07:48:39,315 - INFO - Saved car ev-listing-details.php?id=373 to DB
2026-05-05 07:48:39,322 - INFO - Scraping detail: https://evmarket.cr/listing-details.php?id=328
2026-05-05 07:48:40,647 - WARNING - Failed to sync car ev-listing-details.php?id=328 to Typesense: [Errno -2] Name or service not known
2026-05-05 07:48:40,647 - INFO - Saved car ev-listing-details.php?id=328 to DB
2026-05-05 07:48:40,655 - INFO - Scraping detail: https://evmarket.cr/listing-details.php?id=258
2026-05-05 07:48:41,912 - WARNING - Failed to sync car ev-listing-details.php?id=258 to Typesense: [Errno -2] Name or service not known
2026-05-05 07:48:41,912 - INFO - Saved car ev-listing-details.php?id=258 to DB
2026-05-05 07:48:41,921 - INFO - Scraping detail: https://evmarket.cr/listing-details.php?id=144
2026-05-05 07:48:43,246 - WARNING - Failed to sync car ev-listing-details.php?id=144 to Typesense: [Errno -2] Name or service not known
2026-05-05 07:48:43,246 - INFO - Saved car ev-listing-details.php?id=144 to DB
2026-05-05 07:48:43,254 - INFO - Scraping detail: https://evmarket.cr/listing-details.php?id=488
2026-05-05 07:48:44,814 - WARNING - Failed to sync car ev-listing-details.php?id=488 to Typesense: [Errno -2] Name or service not known
2026-05-05 07:48:44,814 - INFO - Saved car ev-listing-details.php?id=488 to DB
2026-05-05 07:48:44,824 - INFO - Scraping detail: https://evmarket.cr/listing-details.php?id=295
2026-05-05 07:48:46,200 - WARNING - Failed to sync car ev-listing-details.php?id=295 to Typesense: [Errno -2] Name or service not known
2026-05-05 07:48:46,200 - INFO - Saved car ev-listing-details.php?id=295 to DB
2026-05-05 07:48:46,206 - INFO - Scraping detail: https://evmarket.cr/listing-details.php?id=275
2026-05-05 07:48:47,805 - WARNING - Failed to sync car ev-listing-details.php?id=275 to Typesense: [Errno -2] Name or service not known
2026-05-05 07:48:47,805 - INFO - Saved car ev-listing-details.php?id=275 to DB
2026-05-05 07:48:47,814 - INFO - Scraping detail: https://evmarket.cr/listing-details.php?id=207
2026-05-05 07:48:49,226 - WARNING - Failed to sync car ev-listing-details.php?id=207 to Typesense: [Errno -2] Name or service not known
2026-05-05 07:48:49,226 - INFO - Saved car ev-listing-details.php?id=207 to DB
2026-05-05 07:48:49,233 - INFO - Scraping detail: https://evmarket.cr/listing-details.php?id=287
2026-05-05 07:48:50,481 - WARNING - Failed to sync car ev-listing-details.php?id=287 to Typesense: [Errno -2] Name or service not known
2026-05-05 07:48:50,481 - INFO - Saved car ev-listing-details.php?id=287 to DB
2026-05-05 07:48:50,491 - INFO - Scraping detail: https://evmarket.cr/listing-details.php?id=353
2026-05-05 07:48:51,819 - WARNING - Failed to sync car ev-listing-details.php?id=353 to Typesense: [Errno -2] Name or service not known
2026-05-05 07:48:51,819 - INFO - Saved car ev-listing-details.php?id=353 to DB
2026-05-05 07:48:51,826 - INFO - Scraping detail: https://evmarket.cr/listing-details.php?id=194
2026-05-05 07:48:53,052 - WARNING - Failed to sync car ev-listing-details.php?id=194 to Typesense: [Errno -2] Name or service not known
2026-05-05 07:48:53,052 - INFO - Saved car ev-listing-details.php?id=194 to DB
2026-05-05 07:48:53,059 - INFO - Scraping detail: https://evmarket.cr/listing-details.php?id=387
2026-05-05 07:48:54,580 - WARNING - Failed to sync car ev-listing-details.php?id=387 to Typesense: [Errno -2] Name or service not known
2026-05-05 07:48:54,580 - INFO - Saved car ev-listing-details.php?id=387 to DB
2026-05-05 07:48:54,587 - INFO - Scraping detail: https://evmarket.cr/listing-details.php?id=403
2026-05-05 07:48:55,965 - WARNING - Failed to sync car ev-listing-details.php?id=403 to Typesense: [Errno -2] Name or service not known
2026-05-05 07:48:55,965 - INFO - Saved car ev-listing-details.php?id=403 to DB
2026-05-05 07:48:55,972 - INFO - Scraping detail: https://evmarket.cr/listing-details.php?id=265
2026-05-05 07:48:57,407 - WARNING - Failed to sync car ev-listing-details.php?id=265 to Typesense: [Errno -2] Name or service not known
2026-05-05 07:48:57,407 - INFO - Saved car ev-listing-details.php?id=265 to DB
2026-05-05 07:48:57,415 - INFO - Scraping detail: https://evmarket.cr/listing-details.php?id=398
2026-05-05 07:48:58,875 - WARNING - Failed to sync car ev-listing-details.php?id=398 to Typesense: [Errno -2] Name or service not known
2026-05-05 07:48:58,875 - INFO - Saved car ev-listing-details.php?id=398 to DB
2026-05-05 07:48:58,885 - INFO - Scraping detail: https://evmarket.cr/listing-details.php?id=257
2026-05-05 07:49:00,139 - WARNING - Failed to sync car ev-listing-details.php?id=257 to Typesense: [Errno -2] Name or service not known
2026-05-05 07:49:00,139 - INFO - Saved car ev-listing-details.php?id=257 to DB
2026-05-05 07:49:00,150 - INFO - Scraping detail: https://evmarket.cr/listing-details.php?id=233
2026-05-05 07:49:01,548 - WARNING - Failed to sync car ev-listing-details.php?id=233 to Typesense: [Errno -2] Name or service not known
2026-05-05 07:49:01,548 - INFO - Saved car ev-listing-details.php?id=233 to DB
2026-05-05 07:49:01,562 - INFO - Scraping detail: https://evmarket.cr/listing-details.php?id=147
2026-05-05 07:49:02,854 - WARNING - Failed to sync car ev-listing-details.php?id=147 to Typesense: [Errno -2] Name or service not known
2026-05-05 07:49:02,854 - INFO - Saved car ev-listing-details.php?id=147 to DB
2026-05-05 07:49:02,867 - INFO - Scraping detail: https://evmarket.cr/listing-details.php?id=276
2026-05-05 07:49:04,144 - WARNING - Failed to sync car ev-listing-details.php?id=276 to Typesense: [Errno -2] Name or service not known
2026-05-05 07:49:04,144 - INFO - Saved car ev-listing-details.php?id=276 to DB
2026-05-05 07:49:04,155 - INFO - Scraping detail: https://evmarket.cr/listing-details.php?id=221
2026-05-05 07:49:05,690 - WARNING - Failed to sync car ev-listing-details.php?id=221 to Typesense: [Errno -2] Name or service not known
2026-05-05 07:49:05,690 - INFO - Saved car ev-listing-details.php?id=221 to DB
2026-05-05 07:49:05,701 - INFO - Scraping detail: https://evmarket.cr/listing-details.php?id=163
2026-05-05 07:49:07,027 - WARNING - Failed to sync car ev-listing-details.php?id=163 to Typesense: [Errno -2] Name or service not known
2026-05-05 07:49:07,027 - INFO - Saved car ev-listing-details.php?id=163 to DB
2026-05-05 07:49:07,035 - INFO - Scraping detail: https://evmarket.cr/listing-details.php?id=266
2026-05-05 07:49:08,332 - WARNING - Failed to sync car ev-listing-details.php?id=266 to Typesense: [Errno -2] Name or service not known
2026-05-05 07:49:08,332 - INFO - Saved car ev-listing-details.php?id=266 to DB
2026-05-05 07:49:08,339 - INFO - Scraping detail: https://evmarket.cr/listing-details.php?id=371
2026-05-05 07:49:09,658 - WARNING - Failed to sync car ev-listing-details.php?id=371 to Typesense: [Errno -2] Name or service not known
2026-05-05 07:49:09,659 - INFO - Saved car ev-listing-details.php?id=371 to DB
2026-05-05 07:49:09,670 - INFO - Scraping detail: https://evmarket.cr/listing-details.php?id=230
2026-05-05 07:49:11,331 - WARNING - Failed to sync car ev-listing-details.php?id=230 to Typesense: [Errno -2] Name or service not known
2026-05-05 07:49:11,331 - INFO - Saved car ev-listing-details.php?id=230 to DB
2026-05-05 07:49:11,337 - INFO - Scraping detail: https://evmarket.cr/listing-details.php?id=193
2026-05-05 07:49:12,857 - WARNING - Failed to sync car ev-listing-details.php?id=193 to Typesense: [Errno -2] Name or service not known
2026-05-05 07:49:12,857 - INFO - Saved car ev-listing-details.php?id=193 to DB
2026-05-05 07:49:12,864 - INFO - Scraping detail: https://evmarket.cr/listing-details.php?id=235
2026-05-05 07:49:14,115 - WARNING - Failed to sync car ev-listing-details.php?id=235 to Typesense: [Errno -2] Name or service not known
2026-05-05 07:49:14,115 - INFO - Saved car ev-listing-details.php?id=235 to DB
2026-05-05 07:49:14,121 - INFO - Scraping detail: https://evmarket.cr/listing-details.php?id=388
2026-05-05 07:49:15,475 - WARNING - Failed to sync car ev-listing-details.php?id=388 to Typesense: [Errno -2] Name or service not known
2026-05-05 07:49:15,475 - INFO - Saved car ev-listing-details.php?id=388 to DB
2026-05-05 07:49:15,485 - INFO - Scraping detail: https://evmarket.cr/listing-details.php?id=342
2026-05-05 07:49:16,752 - WARNING - Failed to sync car ev-listing-details.php?id=342 to Typesense: [Errno -2] Name or service not known
2026-05-05 07:49:16,752 - INFO - Saved car ev-listing-details.php?id=342 to DB
2026-05-05 07:49:16,760 - INFO - Scraping detail: https://evmarket.cr/listing-details.php?id=333
2026-05-05 07:49:18,191 - WARNING - Failed to sync car ev-listing-details.php?id=333 to Typesense: [Errno -2] Name or service not known
2026-05-05 07:49:18,192 - INFO - Saved car ev-listing-details.php?id=333 to DB
2026-05-05 07:49:18,205 - INFO - Scraping detail: https://evmarket.cr/listing-details.php?id=175
2026-05-05 07:49:19,394 - WARNING - Failed to sync car ev-listing-details.php?id=175 to Typesense: [Errno -2] Name or service not known
2026-05-05 07:49:19,394 - INFO - Saved car ev-listing-details.php?id=175 to DB
2026-05-05 07:49:19,405 - INFO - Scraping detail: https://evmarket.cr/listing-details.php?id=227
2026-05-05 07:49:20,866 - WARNING - Failed to sync car ev-listing-details.php?id=227 to Typesense: [Errno -2] Name or service not known
2026-05-05 07:49:20,867 - INFO - Saved car ev-listing-details.php?id=227 to DB
2026-05-05 07:49:20,873 - INFO - Scraping detail: https://evmarket.cr/listing-details.php?id=315
2026-05-05 07:49:22,086 - WARNING - Failed to sync car ev-listing-details.php?id=315 to Typesense: [Errno -2] Name or service not known
2026-05-05 07:49:22,086 - INFO - Saved car ev-listing-details.php?id=315 to DB
2026-05-05 07:49:22,093 - INFO - Scraping detail: https://evmarket.cr/listing-details.php?id=400
2026-05-05 07:49:23,883 - WARNING - Failed to sync car ev-listing-details.php?id=400 to Typesense: [Errno -2] Name or service not known
2026-05-05 07:49:23,883 - INFO - Saved car ev-listing-details.php?id=400 to DB
2026-05-05 07:49:23,889 - INFO - Scraping detail: https://evmarket.cr/listing-details.php?id=392
2026-05-05 07:49:25,253 - WARNING - Failed to sync car ev-listing-details.php?id=392 to Typesense: [Errno -2] Name or service not known
2026-05-05 07:49:25,253 - INFO - Saved car ev-listing-details.php?id=392 to DB
2026-05-05 07:49:25,262 - INFO - Scraping detail: https://evmarket.cr/listing-details.php?id=364
2026-05-05 07:49:27,026 - WARNING - Failed to sync car ev-listing-details.php?id=364 to Typesense: [Errno -2] Name or service not known
2026-05-05 07:49:27,026 - INFO - Saved car ev-listing-details.php?id=364 to DB
2026-05-05 07:49:27,032 - INFO - Scraping detail: https://evmarket.cr/listing-details.php?id=476
2026-05-05 07:49:28,616 - WARNING - Failed to sync car ev-listing-details.php?id=476 to Typesense: [Errno -2] Name or service not known
2026-05-05 07:49:28,616 - INFO - Saved car ev-listing-details.php?id=476 to DB
2026-05-05 07:49:28,627 - INFO - Scraping detail: https://evmarket.cr/listing-details.php?id=132
2026-05-05 07:49:29,853 - WARNING - Failed to sync car ev-listing-details.php?id=132 to Typesense: [Errno -2] Name or service not known
2026-05-05 07:49:29,853 - INFO - Saved car ev-listing-details.php?id=132 to DB
2026-05-05 07:49:29,864 - INFO - Scraping detail: https://evmarket.cr/listing-details.php?id=135
2026-05-05 07:49:31,123 - WARNING - Failed to sync car ev-listing-details.php?id=135 to Typesense: [Errno -2] Name or service not known
2026-05-05 07:49:31,123 - INFO - Saved car ev-listing-details.php?id=135 to DB
2026-05-05 07:49:31,134 - INFO - Scraping detail: https://evmarket.cr/listing-details.php?id=137
2026-05-05 07:49:32,604 - WARNING - Failed to sync car ev-listing-details.php?id=137 to Typesense: [Errno -2] Name or service not known
2026-05-05 07:49:32,604 - INFO - Saved car ev-listing-details.php?id=137 to DB
2026-05-05 07:49:32,613 - INFO - Scraping detail: https://evmarket.cr/listing-details.php?id=331
2026-05-05 07:49:34,133 - WARNING - Failed to sync car ev-listing-details.php?id=331 to Typesense: [Errno -2] Name or service not known
2026-05-05 07:49:34,133 - INFO - Saved car ev-listing-details.php?id=331 to DB
2026-05-05 07:49:34,140 - INFO - Scraping detail: https://evmarket.cr/listing-details.php?id=192
2026-05-05 07:49:35,499 - WARNING - Failed to sync car ev-listing-details.php?id=192 to Typesense: [Errno -2] Name or service not known
2026-05-05 07:49:35,499 - INFO - Saved car ev-listing-details.php?id=192 to DB
2026-05-05 07:49:35,509 - INFO - Scraping detail: https://evmarket.cr/listing-details.php?id=225
2026-05-05 07:49:36,877 - WARNING - Failed to sync car ev-listing-details.php?id=225 to Typesense: [Errno -2] Name or service not known
2026-05-05 07:49:36,878 - INFO - Saved car ev-listing-details.php?id=225 to DB
2026-05-05 07:49:36,887 - INFO - Scraping detail: https://evmarket.cr/listing-details.php?id=148
2026-05-05 07:49:38,452 - WARNING - Failed to sync car ev-listing-details.php?id=148 to Typesense: [Errno -2] Name or service not known
2026-05-05 07:49:38,452 - INFO - Saved car ev-listing-details.php?id=148 to DB
2026-05-05 07:49:38,461 - INFO - Scraping detail: https://evmarket.cr/listing-details.php?id=404
2026-05-05 07:49:39,753 - WARNING - Failed to sync car ev-listing-details.php?id=404 to Typesense: [Errno -2] Name or service not known
2026-05-05 07:49:39,753 - INFO - Saved car ev-listing-details.php?id=404 to DB
2026-05-05 07:49:39,766 - INFO - Scraping detail: https://evmarket.cr/listing-details.php?id=138
2026-05-05 07:49:40,970 - WARNING - Failed to sync car ev-listing-details.php?id=138 to Typesense: [Errno -2] Name or service not known
2026-05-05 07:49:40,970 - INFO - Saved car ev-listing-details.php?id=138 to DB
2026-05-05 07:49:40,978 - INFO - Scraping detail: https://evmarket.cr/listing-details.php?id=133
2026-05-05 07:49:42,151 - WARNING - Failed to sync car ev-listing-details.php?id=133 to Typesense: [Errno -2] Name or service not known
2026-05-05 07:49:42,151 - INFO - Saved car ev-listing-details.php?id=133 to DB
2026-05-05 07:49:42,207 - INFO - Scraping detail: https://evmarket.cr/listing-details.php?id=153
2026-05-05 07:49:43,441 - WARNING - Failed to sync car ev-listing-details.php?id=153 to Typesense: [Errno -2] Name or service not known
2026-05-05 07:49:43,441 - INFO - Saved car ev-listing-details.php?id=153 to DB
2026-05-05 07:49:43,453 - INFO - Scraping detail: https://evmarket.cr/listing-details.php?id=402
2026-05-05 07:49:44,671 - WARNING - Failed to sync car ev-listing-details.php?id=402 to Typesense: [Errno -2] Name or service not known
2026-05-05 07:49:44,671 - INFO - Saved car ev-listing-details.php?id=402 to DB
2026-05-05 07:49:44,681 - INFO - Scraping detail: https://evmarket.cr/listing-details.php?id=336
2026-05-05 07:49:46,038 - WARNING - Failed to sync car ev-listing-details.php?id=336 to Typesense: [Errno -2] Name or service not known
2026-05-05 07:49:46,038 - INFO - Saved car ev-listing-details.php?id=336 to DB
2026-05-05 07:49:46,046 - INFO - Scraping detail: https://evmarket.cr/listing-details.php?id=380
2026-05-05 07:49:47,293 - WARNING - Failed to sync car ev-listing-details.php?id=380 to Typesense: [Errno -2] Name or service not known
2026-05-05 07:49:47,293 - INFO - Saved car ev-listing-details.php?id=380 to DB
2026-05-05 07:49:47,300 - INFO - Scraping detail: https://evmarket.cr/listing-details.php?id=249
2026-05-05 07:49:48,642 - WARNING - Failed to sync car ev-listing-details.php?id=249 to Typesense: [Errno -2] Name or service not known
2026-05-05 07:49:48,642 - INFO - Saved car ev-listing-details.php?id=249 to DB
2026-05-05 07:49:48,650 - INFO - Scraping detail: https://evmarket.cr/listing-details.php?id=286
2026-05-05 07:49:49,890 - WARNING - Failed to sync car ev-listing-details.php?id=286 to Typesense: [Errno -2] Name or service not known
2026-05-05 07:49:49,890 - INFO - Saved car ev-listing-details.php?id=286 to DB
2026-05-05 07:49:49,901 - INFO - Scraping detail: https://evmarket.cr/listing-details.php?id=313
2026-05-05 07:49:51,282 - WARNING - Failed to sync car ev-listing-details.php?id=313 to Typesense: [Errno -2] Name or service not known
2026-05-05 07:49:51,282 - INFO - Saved car ev-listing-details.php?id=313 to DB
2026-05-05 07:49:51,288 - INFO - Scraping detail: https://evmarket.cr/listing-details.php?id=282
2026-05-05 07:49:53,133 - WARNING - Failed to sync car ev-listing-details.php?id=282 to Typesense: [Errno -2] Name or service not known
2026-05-05 07:49:53,133 - INFO - Saved car ev-listing-details.php?id=282 to DB
2026-05-05 07:49:53,143 - INFO - Scraping detail: https://evmarket.cr/listing-details.php?id=379
2026-05-05 07:49:54,434 - WARNING - Failed to sync car ev-listing-details.php?id=379 to Typesense: [Errno -2] Name or service not known
2026-05-05 07:49:54,434 - INFO - Saved car ev-listing-details.php?id=379 to DB
2026-05-05 07:49:54,441 - INFO - Scraping detail: https://evmarket.cr/listing-details.php?id=283
2026-05-05 07:49:55,849 - WARNING - Failed to sync car ev-listing-details.php?id=283 to Typesense: [Errno -2] Name or service not known
2026-05-05 07:49:55,849 - INFO - Saved car ev-listing-details.php?id=283 to DB
2026-05-05 07:49:55,856 - INFO - Scraping detail: https://evmarket.cr/listing-details.php?id=186
2026-05-05 07:49:57,547 - WARNING - Failed to sync car ev-listing-details.php?id=186 to Typesense: [Errno -2] Name or service not known
2026-05-05 07:49:57,547 - INFO - Saved car ev-listing-details.php?id=186 to DB
2026-05-05 07:49:57,558 - INFO - Scraping detail: https://evmarket.cr/listing-details.php?id=410
2026-05-05 07:49:58,989 - WARNING - Failed to sync car ev-listing-details.php?id=410 to Typesense: [Errno -2] Name or service not known
2026-05-05 07:49:58,989 - INFO - Saved car ev-listing-details.php?id=410 to DB
2026-05-05 07:49:58,997 - INFO - Scraping detail: https://evmarket.cr/listing-details.php?id=143
2026-05-05 07:50:00,400 - WARNING - Failed to sync car ev-listing-details.php?id=143 to Typesense: [Errno -2] Name or service not known
2026-05-05 07:50:00,400 - INFO - Saved car ev-listing-details.php?id=143 to DB
2026-05-05 07:50:00,410 - INFO - Scraping detail: https://evmarket.cr/listing-details.php?id=309
2026-05-05 07:50:01,801 - WARNING - Failed to sync car ev-listing-details.php?id=309 to Typesense: [Errno -2] Name or service not known
2026-05-05 07:50:01,801 - INFO - Saved car ev-listing-details.php?id=309 to DB
2026-05-05 07:50:01,816 - INFO - Scraping detail: https://evmarket.cr/listing-details.php?id=341
2026-05-05 07:50:03,285 - WARNING - Failed to sync car ev-listing-details.php?id=341 to Typesense: [Errno -2] Name or service not known
2026-05-05 07:50:03,285 - INFO - Saved car ev-listing-details.php?id=341 to DB
2026-05-05 07:50:03,294 - INFO - Scraping detail: https://evmarket.cr/listing-details.php?id=337
2026-05-05 07:50:05,018 - WARNING - Failed to sync car ev-listing-details.php?id=337 to Typesense: [Errno -2] Name or service not known
2026-05-05 07:50:05,018 - INFO - Saved car ev-listing-details.php?id=337 to DB
2026-05-05 07:50:05,027 - INFO - Scraping detail: https://evmarket.cr/listing-details.php?id=216
2026-05-05 07:50:06,612 - WARNING - Failed to sync car ev-listing-details.php?id=216 to Typesense: [Errno -2] Name or service not known
2026-05-05 07:50:06,612 - INFO - Saved car ev-listing-details.php?id=216 to DB
2026-05-05 07:50:06,623 - INFO - Scraping detail: https://evmarket.cr/listing-details.php?id=157
2026-05-05 07:50:07,832 - WARNING - Failed to sync car ev-listing-details.php?id=157 to Typesense: [Errno -2] Name or service not known
2026-05-05 07:50:07,832 - INFO - Saved car ev-listing-details.php?id=157 to DB
2026-05-05 07:50:07,842 - INFO - Scraping detail: https://evmarket.cr/listing-details.php?id=292
2026-05-05 07:50:09,097 - WARNING - Failed to sync car ev-listing-details.php?id=292 to Typesense: [Errno -2] Name or service not known
2026-05-05 07:50:09,097 - INFO - Saved car ev-listing-details.php?id=292 to DB
2026-05-05 07:50:09,102 - INFO - Scraping detail: https://evmarket.cr/listing-details.php?id=254
2026-05-05 07:50:10,413 - WARNING - Failed to sync car ev-listing-details.php?id=254 to Typesense: [Errno -2] Name or service not known
2026-05-05 07:50:10,413 - INFO - Saved car ev-listing-details.php?id=254 to DB
2026-05-05 07:50:10,420 - INFO - Scraping detail: https://evmarket.cr/listing-details.php?id=236
2026-05-05 07:50:11,636 - WARNING - Failed to sync car ev-listing-details.php?id=236 to Typesense: [Errno -2] Name or service not known
2026-05-05 07:50:11,636 - INFO - Saved car ev-listing-details.php?id=236 to DB
2026-05-05 07:50:11,647 - INFO - Scraping detail: https://evmarket.cr/listing-details.php?id=251
2026-05-05 07:50:12,974 - WARNING - Failed to sync car ev-listing-details.php?id=251 to Typesense: [Errno -2] Name or service not known
2026-05-05 07:50:12,974 - INFO - Saved car ev-listing-details.php?id=251 to DB
2026-05-05 07:50:12,984 - INFO - Scraping detail: https://evmarket.cr/listing-details.php?id=374
2026-05-05 07:50:14,208 - WARNING - Failed to sync car ev-listing-details.php?id=374 to Typesense: [Errno -2] Name or service not known
2026-05-05 07:50:14,208 - INFO - Saved car ev-listing-details.php?id=374 to DB
2026-05-05 07:50:14,214 - INFO - Scraping detail: https://evmarket.cr/listing-details.php?id=486
2026-05-05 07:50:15,538 - WARNING - Failed to sync car ev-listing-details.php?id=486 to Typesense: [Errno -2] Name or service not known
2026-05-05 07:50:15,538 - INFO - Saved car ev-listing-details.php?id=486 to DB
2026-05-05 07:50:15,544 - INFO - Scraping detail: https://evmarket.cr/listing-details.php?id=483
2026-05-05 07:50:16,821 - WARNING - Failed to sync car ev-listing-details.php?id=483 to Typesense: [Errno -2] Name or service not known
2026-05-05 07:50:16,821 - INFO - Saved car ev-listing-details.php?id=483 to DB
2026-05-05 07:50:16,827 - INFO - Scraping detail: https://evmarket.cr/listing-details.php?id=262
2026-05-05 07:50:18,214 - WARNING - Failed to sync car ev-listing-details.php?id=262 to Typesense: [Errno -2] Name or service not known
2026-05-05 07:50:18,214 - INFO - Saved car ev-listing-details.php?id=262 to DB
2026-05-05 07:50:18,221 - INFO - Scraping detail: https://evmarket.cr/listing-details.php?id=395
2026-05-05 07:50:19,596 - WARNING - Failed to sync car ev-listing-details.php?id=395 to Typesense: [Errno -2] Name or service not known
2026-05-05 07:50:19,596 - INFO - Saved car ev-listing-details.php?id=395 to DB
2026-05-05 07:50:19,603 - INFO - Scraping detail: https://evmarket.cr/listing-details.php?id=289
2026-05-05 07:50:21,202 - WARNING - Failed to sync car ev-listing-details.php?id=289 to Typesense: [Errno -2] Name or service not known
2026-05-05 07:50:21,203 - INFO - Saved car ev-listing-details.php?id=289 to DB
2026-05-05 07:50:21,215 - INFO - Scraping detail: https://evmarket.cr/listing-details.php?id=368
2026-05-05 07:50:22,671 - WARNING - Failed to sync car ev-listing-details.php?id=368 to Typesense: [Errno -2] Name or service not known
2026-05-05 07:50:22,671 - INFO - Saved car ev-listing-details.php?id=368 to DB
2026-05-05 07:50:22,678 - INFO - Scraping detail: https://evmarket.cr/listing-details.php?id=352
2026-05-05 07:50:24,011 - WARNING - Failed to sync car ev-listing-details.php?id=352 to Typesense: [Errno -2] Name or service not known
2026-05-05 07:50:24,011 - INFO - Saved car ev-listing-details.php?id=352 to DB
2026-05-05 07:50:24,018 - INFO - Scraping detail: https://evmarket.cr/listing-details.php?id=247
2026-05-05 07:50:25,667 - WARNING - Failed to sync car ev-listing-details.php?id=247 to Typesense: [Errno -2] Name or service not known
2026-05-05 07:50:25,668 - INFO - Saved car ev-listing-details.php?id=247 to DB
2026-05-05 07:50:25,675 - INFO - Scraping detail: https://evmarket.cr/listing-details.php?id=391
2026-05-05 07:50:27,089 - WARNING - Failed to sync car ev-listing-details.php?id=391 to Typesense: [Errno -2] Name or service not known
2026-05-05 07:50:27,089 - INFO - Saved car ev-listing-details.php?id=391 to DB
2026-05-05 07:50:27,099 - INFO - Scraping detail: https://evmarket.cr/listing-details.php?id=345
2026-05-05 07:50:28,392 - WARNING - Failed to sync car ev-listing-details.php?id=345 to Typesense: [Errno -2] Name or service not known
2026-05-05 07:50:28,392 - INFO - Saved car ev-listing-details.php?id=345 to DB
2026-05-05 07:50:28,400 - INFO - Scraping detail: https://evmarket.cr/listing-details.php?id=363
2026-05-05 07:50:29,887 - WARNING - Failed to sync car ev-listing-details.php?id=363 to Typesense: [Errno -2] Name or service not known
2026-05-05 07:50:29,887 - INFO - Saved car ev-listing-details.php?id=363 to DB
2026-05-05 07:50:29,898 - INFO - Scraping detail: https://evmarket.cr/listing-details.php?id=141
2026-05-05 07:50:31,188 - WARNING - Failed to sync car ev-listing-details.php?id=141 to Typesense: [Errno -2] Name or service not known
2026-05-05 07:50:31,188 - INFO - Saved car ev-listing-details.php?id=141 to DB
2026-05-05 07:50:31,199 - INFO - Scraping detail: https://evmarket.cr/listing-details.php?id=217
2026-05-05 07:50:32,463 - WARNING - Failed to sync car ev-listing-details.php?id=217 to Typesense: [Errno -2] Name or service not known
2026-05-05 07:50:32,463 - INFO - Saved car ev-listing-details.php?id=217 to DB
2026-05-05 07:50:32,472 - INFO - Scraping detail: https://evmarket.cr/listing-details.php?id=417
2026-05-05 07:50:33,793 - WARNING - Failed to sync car ev-listing-details.php?id=417 to Typesense: [Errno -2] Name or service not known
2026-05-05 07:50:33,793 - INFO - Saved car ev-listing-details.php?id=417 to DB
2026-05-05 07:50:33,801 - INFO - Scraping detail: https://evmarket.cr/listing-details.php?id=218
2026-05-05 07:50:35,229 - WARNING - Failed to sync car ev-listing-details.php?id=218 to Typesense: [Errno -2] Name or service not known
2026-05-05 07:50:35,230 - INFO - Saved car ev-listing-details.php?id=218 to DB
2026-05-05 07:50:35,250 - INFO - Scraping detail: https://evmarket.cr/listing-details.php?id=273
2026-05-05 07:50:37,507 - WARNING - Failed to sync car ev-listing-details.php?id=273 to Typesense: [Errno -2] Name or service not known
2026-05-05 07:50:37,507 - INFO - Saved car ev-listing-details.php?id=273 to DB
2026-05-05 07:50:37,525 - INFO - Scraping detail: https://evmarket.cr/listing-details.php?id=203
2026-05-05 07:50:39,931 - WARNING - Failed to sync car ev-listing-details.php?id=203 to Typesense: [Errno -2] Name or service not known
2026-05-05 07:50:39,931 - INFO - Saved car ev-listing-details.php?id=203 to DB
2026-05-05 07:50:39,951 - INFO - Scraping detail: https://evmarket.cr/listing-details.php?id=268
2026-05-05 07:50:42,317 - WARNING - Failed to sync car ev-listing-details.php?id=268 to Typesense: [Errno -2] Name or service not known
2026-05-05 07:50:42,317 - INFO - Saved car ev-listing-details.php?id=268 to DB
2026-05-05 07:50:42,330 - INFO - Scraping detail: https://evmarket.cr/listing-details.php?id=197
2026-05-05 07:50:44,599 - WARNING - Failed to sync car ev-listing-details.php?id=197 to Typesense: [Errno -2] Name or service not known
2026-05-05 07:50:44,599 - INFO - Saved car ev-listing-details.php?id=197 to DB
2026-05-05 07:50:44,625 - INFO - Scraping detail: https://evmarket.cr/listing-details.php?id=312
2026-05-05 07:50:46,955 - WARNING - Failed to sync car ev-listing-details.php?id=312 to Typesense: [Errno -2] Name or service not known
2026-05-05 07:50:46,956 - INFO - Saved car ev-listing-details.php?id=312 to DB
2026-05-05 07:50:46,974 - INFO - Scraping detail: https://evmarket.cr/listing-details.php?id=408
2026-05-05 07:50:49,499 - WARNING - Failed to sync car ev-listing-details.php?id=408 to Typesense: [Errno -2] Name or service not known
2026-05-05 07:50:49,500 - INFO - Saved car ev-listing-details.php?id=408 to DB
2026-05-05 07:50:49,521 - INFO - Scraping detail: https://evmarket.cr/listing-details.php?id=146
2026-05-05 07:50:51,831 - WARNING - Failed to sync car ev-listing-details.php?id=146 to Typesense: [Errno -2] Name or service not known
2026-05-05 07:50:51,831 - INFO - Saved car ev-listing-details.php?id=146 to DB
2026-05-05 07:50:51,853 - INFO - Scraping detail: https://evmarket.cr/listing-details.php?id=248
2026-05-05 07:50:54,516 - WARNING - Failed to sync car ev-listing-details.php?id=248 to Typesense: [Errno -2] Name or service not known
2026-05-05 07:50:54,517 - INFO - Saved car ev-listing-details.php?id=248 to DB
2026-05-05 07:50:54,536 - INFO - Scraping detail: https://evmarket.cr/listing-details.php?id=481
2026-05-05 07:50:56,977 - WARNING - Failed to sync car ev-listing-details.php?id=481 to Typesense: [Errno -2] Name or service not known
2026-05-05 07:50:56,977 - INFO - Saved car ev-listing-details.php?id=481 to DB
2026-05-05 07:50:56,990 - INFO - Scraping detail: https://evmarket.cr/listing-details.php?id=384
2026-05-05 07:50:58,476 - WARNING - Failed to sync car ev-listing-details.php?id=384 to Typesense: [Errno -2] Name or service not known
2026-05-05 07:50:58,476 - INFO - Saved car ev-listing-details.php?id=384 to DB
2026-05-05 07:50:58,484 - INFO - Scraping detail: https://evmarket.cr/listing-details.php?id=479
2026-05-05 07:51:00,099 - WARNING - Failed to sync car ev-listing-details.php?id=479 to Typesense: [Errno -2] Name or service not known
2026-05-05 07:51:00,099 - INFO - Saved car ev-listing-details.php?id=479 to DB
2026-05-05 07:51:00,131 - INFO - Scraping detail: https://evmarket.cr/listing-details.php?id=407
2026-05-05 07:51:01,440 - WARNING - Failed to sync car ev-listing-details.php?id=407 to Typesense: [Errno -2] Name or service not known
2026-05-05 07:51:01,440 - INFO - Saved car ev-listing-details.php?id=407 to DB
2026-05-05 07:51:01,446 - INFO - Scraping detail: https://evmarket.cr/listing-details.php?id=151
2026-05-05 07:51:02,969 - WARNING - Failed to sync car ev-listing-details.php?id=151 to Typesense: [Errno -2] Name or service not known
2026-05-05 07:51:02,970 - INFO - Saved car ev-listing-details.php?id=151 to DB
2026-05-05 07:51:02,981 - INFO - Scraping detail: https://evmarket.cr/listing-details.php?id=334
2026-05-05 07:51:04,348 - WARNING - Failed to sync car ev-listing-details.php?id=334 to Typesense: [Errno -2] Name or service not known
2026-05-05 07:51:04,348 - INFO - Saved car ev-listing-details.php?id=334 to DB
2026-05-05 07:51:04,359 - INFO - Scraping detail: https://evmarket.cr/listing-details.php?id=145
2026-05-05 07:51:05,595 - WARNING - Failed to sync car ev-listing-details.php?id=145 to Typesense: [Errno -2] Name or service not known
2026-05-05 07:51:05,595 - INFO - Saved car ev-listing-details.php?id=145 to DB
2026-05-05 07:51:05,605 - INFO - Scraping detail: https://evmarket.cr/listing-details.php?id=389
2026-05-05 07:51:07,065 - WARNING - Failed to sync car ev-listing-details.php?id=389 to Typesense: [Errno -2] Name or service not known
2026-05-05 07:51:07,066 - INFO - Saved car ev-listing-details.php?id=389 to DB
2026-05-05 07:51:07,078 - INFO - Scraping detail: https://evmarket.cr/listing-details.php?id=375
2026-05-05 07:51:08,394 - WARNING - Failed to sync car ev-listing-details.php?id=375 to Typesense: [Errno -2] Name or service not known
2026-05-05 07:51:08,394 - INFO - Saved car ev-listing-details.php?id=375 to DB
2026-05-05 07:51:08,411 - INFO - Scraping detail: https://evmarket.cr/listing-details.php?id=260
2026-05-05 07:51:09,775 - WARNING - Failed to sync car ev-listing-details.php?id=260 to Typesense: [Errno -2] Name or service not known
2026-05-05 07:51:09,775 - INFO - Saved car ev-listing-details.php?id=260 to DB
2026-05-05 07:51:09,781 - INFO - Scraping detail: https://evmarket.cr/listing-details.php?id=293
2026-05-05 07:51:11,085 - WARNING - Failed to sync car ev-listing-details.php?id=293 to Typesense: [Errno -2] Name or service not known
2026-05-05 07:51:11,085 - INFO - Saved car ev-listing-details.php?id=293 to DB
2026-05-05 07:51:11,096 - INFO - Scraping detail: https://evmarket.cr/listing-details.php?id=288
2026-05-05 07:51:12,306 - WARNING - Failed to sync car ev-listing-details.php?id=288 to Typesense: [Errno -2] Name or service not known
2026-05-05 07:51:12,306 - INFO - Saved car ev-listing-details.php?id=288 to DB
2026-05-05 07:51:12,317 - INFO - Scraping detail: https://evmarket.cr/listing-details.php?id=330
2026-05-05 07:51:13,639 - WARNING - Failed to sync car ev-listing-details.php?id=330 to Typesense: [Errno -2] Name or service not known
2026-05-05 07:51:13,639 - INFO - Saved car ev-listing-details.php?id=330 to DB
2026-05-05 07:51:13,648 - INFO - Scraping detail: https://evmarket.cr/listing-details.php?id=294
2026-05-05 07:51:14,896 - WARNING - Failed to sync car ev-listing-details.php?id=294 to Typesense: [Errno -2] Name or service not known
2026-05-05 07:51:14,896 - INFO - Saved car ev-listing-details.php?id=294 to DB
2026-05-05 07:51:14,907 - INFO - Scraping detail: https://evmarket.cr/listing-details.php?id=267
2026-05-05 07:51:16,119 - WARNING - Failed to sync car ev-listing-details.php?id=267 to Typesense: [Errno -2] Name or service not known
2026-05-05 07:51:16,119 - INFO - Saved car ev-listing-details.php?id=267 to DB
2026-05-05 07:51:16,126 - INFO - Scraping detail: https://evmarket.cr/listing-details.php?id=222
2026-05-05 07:51:17,965 - WARNING - Failed to sync car ev-listing-details.php?id=222 to Typesense: [Errno -2] Name or service not known
2026-05-05 07:51:17,965 - INFO - Saved car ev-listing-details.php?id=222 to DB
2026-05-05 07:51:17,976 - INFO - Scraping detail: https://evmarket.cr/listing-details.php?id=297
2026-05-05 07:51:19,398 - WARNING - Failed to sync car ev-listing-details.php?id=297 to Typesense: [Errno -2] Name or service not known
2026-05-05 07:51:19,399 - INFO - Saved car ev-listing-details.php?id=297 to DB
2026-05-05 07:51:19,410 - INFO - Scraping detail: https://evmarket.cr/listing-details.php?id=401
2026-05-05 07:51:20,683 - WARNING - Failed to sync car ev-listing-details.php?id=401 to Typesense: [Errno -2] Name or service not known
2026-05-05 07:51:20,683 - INFO - Saved car ev-listing-details.php?id=401 to DB
2026-05-05 07:51:20,696 - INFO - Scraping detail: https://evmarket.cr/listing-details.php?id=140
2026-05-05 07:51:21,955 - WARNING - Failed to sync car ev-listing-details.php?id=140 to Typesense: [Errno -2] Name or service not known
2026-05-05 07:51:21,955 - INFO - Saved car ev-listing-details.php?id=140 to DB
2026-05-05 07:51:21,966 - INFO - Scraping detail: https://evmarket.cr/listing-details.php?id=377
2026-05-05 07:51:23,971 - WARNING - Failed to sync car ev-listing-details.php?id=377 to Typesense: [Errno -2] Name or service not known
2026-05-05 07:51:23,971 - INFO - Saved car ev-listing-details.php?id=377 to DB
2026-05-05 07:51:23,986 - INFO - Scraping detail: https://evmarket.cr/listing-details.php?id=154
2026-05-05 07:51:26,118 - WARNING - Failed to sync car ev-listing-details.php?id=154 to Typesense: [Errno -2] Name or service not known
2026-05-05 07:51:26,118 - INFO - Saved car ev-listing-details.php?id=154 to DB
2026-05-05 07:51:26,134 - INFO - Scraping detail: https://evmarket.cr/listing-details.php?id=259
2026-05-05 07:51:28,330 - WARNING - Failed to sync car ev-listing-details.php?id=259 to Typesense: [Errno -2] Name or service not known
2026-05-05 07:51:28,330 - INFO - Saved car ev-listing-details.php?id=259 to DB
2026-05-05 07:51:28,341 - INFO - Scraping detail: https://evmarket.cr/listing-details.php?id=250
2026-05-05 07:51:30,550 - WARNING - Failed to sync car ev-listing-details.php?id=250 to Typesense: [Errno -2] Name or service not known
2026-05-05 07:51:30,550 - INFO - Saved car ev-listing-details.php?id=250 to DB
2026-05-05 07:51:30,566 - INFO - Scraping detail: https://evmarket.cr/listing-details.php?id=428
2026-05-05 07:51:32,545 - WARNING - Failed to sync car ev-listing-details.php?id=428 to Typesense: [Errno -2] Name or service not known
2026-05-05 07:51:32,546 - INFO - Saved car ev-listing-details.php?id=428 to DB
2026-05-05 07:51:32,561 - INFO - Scraping detail: https://evmarket.cr/listing-details.php?id=252
2026-05-05 07:51:34,809 - WARNING - Failed to sync car ev-listing-details.php?id=252 to Typesense: [Errno -2] Name or service not known
2026-05-05 07:51:34,809 - INFO - Saved car ev-listing-details.php?id=252 to DB
2026-05-05 07:51:34,826 - INFO - Scraping detail: https://evmarket.cr/listing-details.php?id=269
2026-05-05 07:51:36,369 - WARNING - Failed to sync car ev-listing-details.php?id=269 to Typesense: [Errno -2] Name or service not known
2026-05-05 07:51:36,370 - INFO - Saved car ev-listing-details.php?id=269 to DB
2026-05-05 07:51:36,380 - INFO - Scraping detail: https://evmarket.cr/listing-details.php?id=162
2026-05-05 07:51:37,696 - WARNING - Failed to sync car ev-listing-details.php?id=162 to Typesense: [Errno -2] Name or service not known
2026-05-05 07:51:37,696 - INFO - Saved car ev-listing-details.php?id=162 to DB
2026-05-05 07:51:37,707 - INFO - Scraping detail: https://evmarket.cr/listing-details.php?id=358
2026-05-05 07:51:39,034 - WARNING - Failed to sync car ev-listing-details.php?id=358 to Typesense: [Errno -2] Name or service not known
2026-05-05 07:51:39,035 - INFO - Saved car ev-listing-details.php?id=358 to DB
2026-05-05 07:51:39,045 - INFO - Scraping detail: https://evmarket.cr/listing-details.php?id=237
2026-05-05 07:51:40,321 - WARNING - Failed to sync car ev-listing-details.php?id=237 to Typesense: [Errno -2] Name or service not known
2026-05-05 07:51:40,321 - INFO - Saved car ev-listing-details.php?id=237 to DB
2026-05-05 07:51:40,327 - INFO - Scraping detail: https://evmarket.cr/listing-details.php?id=413
2026-05-05 07:51:41,743 - WARNING - Failed to sync car ev-listing-details.php?id=413 to Typesense: [Errno -2] Name or service not known
2026-05-05 07:51:41,743 - INFO - Saved car ev-listing-details.php?id=413 to DB
2026-05-05 07:51:41,750 - INFO - Scraping detail: https://evmarket.cr/listing-details.php?id=477
2026-05-05 07:51:43,048 - WARNING - Failed to sync car ev-listing-details.php?id=477 to Typesense: [Errno -2] Name or service not known
2026-05-05 07:51:43,048 - INFO - Saved car ev-listing-details.php?id=477 to DB
2026-05-05 07:51:43,063 - INFO - Scraping detail: https://evmarket.cr/listing-details.php?id=229
2026-05-05 07:51:44,312 - WARNING - Failed to sync car ev-listing-details.php?id=229 to Typesense: [Errno -2] Name or service not known
2026-05-05 07:51:44,312 - INFO - Saved car ev-listing-details.php?id=229 to DB
2026-05-05 07:51:44,321 - INFO - Scraping detail: https://evmarket.cr/listing-details.php?id=299
2026-05-05 07:51:45,528 - WARNING - Failed to sync car ev-listing-details.php?id=299 to Typesense: [Errno -2] Name or service not known
2026-05-05 07:51:45,528 - INFO - Saved car ev-listing-details.php?id=299 to DB
2026-05-05 07:51:45,539 - INFO - Scraping detail: https://evmarket.cr/listing-details.php?id=385
2026-05-05 07:51:46,739 - WARNING - Failed to sync car ev-listing-details.php?id=385 to Typesense: [Errno -2] Name or service not known
2026-05-05 07:51:46,739 - INFO - Saved car ev-listing-details.php?id=385 to DB
2026-05-05 07:51:46,866 - INFO - Run #28 finished with status 'done'
2026-05-05 07:51:46,867 - INFO - Run #28 [done] finished — Active: 135 (done:135, pending:0, failed:0). Inactive: 0
